AREA .  .ABS.
	RADIX HEX
	BASE 0000
	SIZE 0000
	ATTRIB ABS OVR
	GLOBALS
		init_bkg	0000
		l__HEAP	0000
		l__BSEG	0000
		l_.  .ABS.	0000
		l__GSFINAL	0000
		l__ISEG	0000
		s_.  .ABS.	0000
		s__HEADER	0000
		l__XSEG	0000
		.init	0000
		l__OVERLAY	0000
		l__LIT	0000
		s__SFR	0000
		l__GSINITTAIL	0001
		l__DATA	0010
		l__GSINIT	0060
		l__BSS	0087
		l__HEADER	01EB
		s__CODE	0200
		l__HOME	04AF
		l__CODE	07A7
		s__HOME	09A7
		s__BASE	0E56
		l__BASE	0F8D
		s__LIT	1DE3
		s__GSINIT	1DE3
		s__GSINITTAIL	1E43
		s__GSFINAL	1E44
		.OAM	C000
		s__DATA	C0A0
		s__BSS	C0B0
		s__HEAP	C137
		s__BSEG	C137
		s__ISEG	C137
		s__XSEG	C137
		s__OVERLAY	C137
		.STACK	E000
		.refresh_OAM	FF80
		l__SFR	10000
AREA _CODE
	RADIX HEX
	BASE 0200
	SIZE 07A7
	ATTRIB REL CON
	GLOBALS
		_main	0200
		_putchar	0236
		_setchar	023F
		_gotoxy	0248
		_posx	0253
		_posy	0264
		.adv_gcurs	0275
		.circle	0292
		.horlin	0335
		.verlin	036D
		.circplot	03C9
		.box	0447
		.line	051D
		.xonly	063E
		.yonly	078D
		.plot	07AE
		.wrbyte	07CB
		.getpix	084D
		.wrtchr	0882
		_gotogxy	08E6
		_wrtchr	08F1
		_getpix	0906
		_color	0912
		_circle	0921
		_box	093B
		_line	095F
		_plot_point	0977
		_plot	098B
AREA _HEADER
	RADIX HEX
	BASE 0000
	SIZE 01EB
	ATTRIB ABS OVR
	GLOBALS
		_exit	01D2
AREA _HOME
	RADIX HEX
	BASE 09A7
	SIZE 04AF
	ATTRIB REL CON
	GLOBALS
		.set_mode	09A7
		.remove_VBL	09B7
		.remove_LCD	09BD
		.remove_TIM	09C3
		.remove_SIO	09C9
		.remove_JOY	09CF
		.add_VBL	09D5
		.add_LCD	09DB
		.add_TIM	09E1
		.add_SIO	09E7
		.add_JOY	09ED
		.remove_int	09F3
		.add_int	0A13
		.wait_vbl_done	0A2F
		_wait_vbl_done	0A2F
		_display_off	0A46
		.display_off	0A46
		.serial_IO	0A67
		_mode	0A96
		_get_mode	0A9F
		_enable_interrupts	0AA4
		_disable_interrupts	0AA6
		_reset	0AA8
		.reset	0AA8
		_set_interrupts	0AAE
		_remove_VBL	0AB9
		_remove_LCD	0AC4
		_remove_TIM	0ACF
		_remove_SIO	0ADA
		_remove_JOY	0AE5
		_add_VBL	0AF0
		_add_LCD	0AFB
		_add_TIM	0B06
		_add_SIO	0B11
		_add_JOY	0B1C
		_clock	0B27
		__printTStates	0B30
		banked_call	0B31
		banked_ret	0B4A
		_printf	0B53
		_sprintf	0B82
AREA _BASE
	RADIX HEX
	BASE 0E56
	SIZE 0F8D
	ATTRIB REL CON
	GLOBALS
		_set_win_data	0E56
		_set_bkg_data	0E56
		_set_sprite_data	0EA3
		.copy_vram	0ED2
		_get_data	0EE1
		_set_data	0EE1
		__modslong	0EF4
		__divslong	0EF4
		__mulslong	0EF4
		__divschar	0EF5
		__modschar	0F01
		__divsint	0F0C
		__modsint	0F1D
		__divuchar	0F2C
		__moduchar	0F38
		__divuint	0F43
		__moduint	0F54
		.mod8	0F63
		.div8	0F63
		.mod16	0F6B
		.div16	0F6B
		.modu8	0FA1
		.divu8	0FA1
		.modu16	0FA4
		.divu16	0FA4
		font_copy_uncompressed	0FE1
		font_copy_compressed	1017
		font_load	106C
		font_copy_current	10B4
		font_set	10FC
		.put_char	1109
		.out_char	1122
		.del_char	1129
		_font_load	1184
		_font_set	1192
		_font_init	11A1
		_cls	11C3
		.cls	11C3
		.cr_curs	11F5
		.adv_curs	120A
		.tmode	1266
		.tmode_out	128F
		_font_load_ibm_fixed	129F
		_font_ibm_fixed	12A6
		_font_ibm_fixed_tiles	13A8
		.gmode	1BA8
		.vbl	1C0A
		.lcd	1C15
		.draw_image	1C22
		.switch_data	1C2C
		_switch_data	1C63
		_draw_image	1C7E
		.y_table	1C91
		.init_vram	1DB1
		.init_wtt	1DBF
		.init_btt	1DCF
		.init_tt	1DDD
AREA _LIT
	RADIX HEX
	BASE 1DE3
	SIZE 0000
	ATTRIB REL CON
AREA _GSINIT
	RADIX HEX
	BASE 1DE3
	SIZE 0060
	ATTRIB REL CON
	GLOBALS
		gsinit	1DE3
AREA _GSINITTAIL
	RADIX HEX
	BASE 1E43
	SIZE 0001
	ATTRIB REL CON
AREA _GSFINAL
	RADIX HEX
	BASE 1E44
	SIZE 0000
	ATTRIB REL CON
AREA _DATA
	RADIX HEX
	BASE C0A0
	SIZE 0010
	ATTRIB REL CON
	GLOBALS
		_Test	C0A0
AREA _BSS
	RADIX HEX
	BASE C0B0
	SIZE 0087
	ATTRIB REL CON
	GLOBALS
		__cpu	C0B0
		.mode	C0B1
		__io_out	C0B2
		__io_in	C0B3
		__io_status	C0B4
		.vbl_done	C0B5
		__current_bank	C0B6
		_sys_time	C0B7
		.sys_time	C0B7
		.int_0x40	C0B9
		.int_0x48	C0C9
		.int_0x50	C0D9
		.int_0x58	C0E9
		.int_0x60	C0F9
		font_current	C10C
		font_first_free_tile	C10F
		font_table	C110
		.curx	C122
		.cury	C123
		.fg_colour	C124
		.bg_colour	C125
AREA _HEAP
	RADIX HEX
	BASE C137
	SIZE 0000
	ATTRIB REL CON
	GLOBALS
		_malloc_heap_start	C137
AREA _OVERLAY
	RADIX HEX
	BASE C137
	SIZE 0000
	ATTRIB REL CON
AREA _ISEG
	RADIX HEX
	BASE C137
	SIZE 0000
	ATTRIB REL CON
AREA _BSEG
	RADIX HEX
	BASE C137
	SIZE 0000
	ATTRIB REL CON
AREA _XSEG
	RADIX HEX
	BASE C137
	SIZE 0000
	ATTRIB REL CON
AREA _SFR
	RADIX HEX
	BASE 0000
	SIZE 10000
	ATTRIB ABS OVR
	GLOBALS
		_P1_REG	FF00
		_SB_REG	FF01
		_SC_REG	FF02
		_DIV_REG	FF04
		_TIMA_REG	FF05
		_TMA_REG	FF06
		_TAC_REG	FF07
		_IF_REG	FF0F
		_NR10_REG	FF10
		_NR11_REG	FF11
		_NR12_REG	FF12
		_NR13_REG	FF13
		_NR14_REG	FF14
		_NR21_REG	FF16
		_NR22_REG	FF17
		_NR23_REG	FF18
		_NR24_REG	FF19
		_NR30_REG	FF1A
		_NR31_REG	FF1B
		_NR32_REG	FF1C
		_NR33_REG	FF1D
		_NR34_REG	FF1E
		_NR41_REG	FF20
		_NR42_REG	FF21
		_NR43_REG	FF22
		_NR44_REG	FF23
		_NR50_REG	FF24
		_NR51_REG	FF25
		_NR52_REG	FF26
		_LCDC_REG	FF40
		_STAT_REG	FF41
		_SCY_REG	FF42
		_SCX_REG	FF43
		_LY_REG	FF44
		_LYC_REG	FF45
		_DMA_REG	FF46
		_BGP_REG	FF47
		_OBP0_REG	FF48
		_OBP1_REG	FF49
		_WY_REG	FF4A
		_WX_REG	FF4B
		_KEY1_REG	FF4D
		_VBK_REG	FF4F
		_HDMA1_REG	FF51
		_HDMA2_REG	FF52
		_HDMA3_REG	FF53
		_HDMA4_REG	FF54
		_HDMA5_REG	FF55
		_RP_REG	FF56
		_BCPS_REG	FF68
		_BCPD_REG	FF69
		_OCPS_REG	FF6A
		_OCPD_REG	FF6B
		_SVBK_REG	FF70
		_IE_REG	FFFF
MODULES
	FILE c:\gbdk\lib/small/asxxxx/gb/crt0.o
		NAME Runtime
	FILE main.o
		NAME lcc206920
LIBRARIES
	LIBRARY c:\gbdk\lib/small/asxxxx/gb/gb.lib
		MODULE sfr.o
	LIBRARY c:\gbdk\lib/small/asxxxx/gbz80/gbz80.lib
		MODULE printf.o
	LIBRARY c:\gbdk\lib/small/asxxxx/gb/gb.lib
		MODULE set_data.o
	LIBRARY c:\gbdk\lib/small/asxxxx/gb/gb.lib
		MODULE cpy_data.o
	LIBRARY c:\gbdk\lib/small/asxxxx/gbz80/gbz80.lib
		MODULE div.o
	LIBRARY c:\gbdk\lib/small/asxxxx/gb/gb.lib
		MODULE font.o
	LIBRARY c:\gbdk\lib/small/asxxxx/gb/gb.lib
		MODULE ibmfixed.o
	LIBRARY c:\gbdk\lib/small/asxxxx/gb/gb.lib
		MODULE drawing.o
	LIBRARY c:\gbdk\lib/small/asxxxx/gb/gb.lib
		MODULE init_tt.o
USERBASEDEF
	_CODE=0x0200
	_DATA=0xC0A0
	_CODE_1=0x4000
USERGLOBALDEF
	.OAM=0xC000
	.STACK=0xE000
	.refresh_OAM=0xFF80
	.init=0x0000

?ASlink-Warning-Undefined Global init_bkg referenced by module lcc206920
